// Jest Snapshot v1, https://goo.gl/fbAQLP

exports[`renders homepage unchanged 1`] = `
<div>
  <section
    class="main"
  >
    <div
      class="openAddPetSectionContainer"
    >
      <button>
        Add pet to waiting list
      </button>
      <div>
        <label
          for="showServiced"
        >
          Show only serviced entries
          <input
            id="showServiced"
            name="showServiced"
            type="checkbox"
          />
        </label>
      </div>
      <div>
        <input
          class="searchInput"
          placeholder="Search for the pet..."
          type="text"
          value=""
        />
      </div>
    </div>
  </section>
</div>
`;
